// Jest Snapshot v1, https://goo.gl/fbAQLP

exports[`<CartItem> renders and matches snapshot 1`] = `
<styled.li
  key="abc123"
>
  <img
    alt="Fake Item"
    src="dog.jpg"
    width="100"
  />
  <div
    className="cart-item-details"
  >
    <h3>
      Fake Item
    </h3>
    <p>
      $1,000
       — 
      <em>
        20
         × 
        $50
         each
      </em>
    </p>
  </div>
  <RemoveFromCart
    id="abc123"
  />
</styled.li>
`;
