// Jest Snapshot v1, https://goo.gl/fbAQLP

exports[`<Checkout /> renders and matches snappy 1`] = `
<div>
  <div>
    <form
      class="Checkout__CheckoutFormStyles-sc-10mtoy5-0 eNIfuo"
      data-testid="checkout"
    >
      <div />
      <button
        class="SickButton-l04z44-0 ievaJh"
        type="submit"
      >
        Pay
      </button>
    </form>
  </div>
</div>
`;
