// Jest Snapshot v1, https://goo.gl/fbAQLP

exports[`<RequestReset/> renders and matches snapshot 1`] = `
<div>
  <form
    class="Form-sc-1xszr8q-0 ftBRXq"
    data-testid="form"
    method="post"
  >
    <fieldset
      aria-busy="false"
    >
      <h2>
        Request a password reset
      </h2>
      <label
        for="email"
      >
        Email
        <input
          name="email"
          placeholder="email"
          type="email"
          value=""
        />
      </label>
      <button
        type="submit"
      >
        Request Reset!
      </button>
    </fieldset>
  </form>
</div>
`;
