// Jest Snapshot v1, https://goo.gl/fbAQLP

exports[`<Cart/> renders 1`] = `
<[object Object]
  value={
    Object {
      "state": Object {
        "isCartOpen": false,
      },
      "toggle": [Function],
    }
  }
>
  <Cart
    currentUser={
      Object {
        "me": Object {
          "cart": Array [
            Object {
              "item": Object {
                "price": 5000,
              },
              "quantity": 10,
            },
            Object {
              "item": Object {
                "price": 5000,
              },
              "quantity": 10,
            },
            Object {
              "item": Object {
                "price": 5000,
              },
              "quantity": 10,
            },
          ],
        },
        "refetch": [Function],
      }
    }
  />
</[object Object]>
`;
