// Jest Snapshot v1, https://goo.gl/fbAQLP

exports[`<Createitem/> renders and matches snapshot 1`] = `
<form
  className="sc-bwzfXH ikCwBB"
  data-test={true}
  onSubmit={[Function]}
>
  <h2>
    Sell an Item.
  </h2>
  <DisplayError />
  <fieldset
    aria-busy={false}
    disabled={false}
  >
    <label>
      Image
      <input
        accept=".png, .jpg, .jpeg"
        onChange={[Function]}
        required={true}
        type="file"
      />
    </label>
    <label>
      Title
      <input
        id="title"
        name="title"
        onChange={[Function]}
        placeholder="Title"
        required={true}
        type="text"
        value=""
      />
    </label>
    <label>
      Price 
      0
      <input
        id="price"
        min="0"
        name="price"
        onChange={[Function]}
        required={true}
        type="number"
        value={0}
      />
    </label>
    <textarea
      id="description"
      name="description"
      onChange={[Function]}
      placeholder="The desc for this item"
      required={true}
      value=""
    />
    <button
      type="submit"
    >
      Submit
    </button>
  </fieldset>
</form>
`;
