// Jest Snapshot v1, https://goo.gl/fbAQLP

exports[`<EditUser/> renders 1`] = `
<form
  className="sc-bdVaJa LHejR"
  onSubmit={[Function]}
>
  <DisplayError />
  <fieldset
    aria-busy={false}
    disabled={false}
  >
    <label
      htmlFor="name"
    >
      Name:
      <input
        defaultValue="Miss Coleman Berge"
        name="name"
        onChange={[Function]}
        type="text"
      />
    </label>
    <button
      type="submit"
    >
      Update
    </button>
    <strong>
      me:
    </strong>
    <pre>
      "Miss Coleman Berge"
    </pre>
    <strong>
      Change:
    </strong>
    <pre
      data-test="change"
    >
      {}
    </pre>
  </fieldset>
</form>
`;
