// Jest Snapshot v1, https://goo.gl/fbAQLP

exports[`<ResetRequest/> renders and matches snapshot 1`] = `
<form
  className="sc-bdVaJa LHejR"
  data-test="ResetRequest"
  onSubmit={[Function]}
>
  <DisplayError />
  <fieldset
    aria-busy={false}
    disabled={false}
  >
    <label
      htmlFor="email"
    >
      Email
      <input
        name="email"
        onChange={[Function]}
        placeholder="email"
        type="text"
        value=""
      />
    </label>
    <button
      type="submit"
    >
      Request Reset!
    </button>
  </fieldset>
</form>
`;
