// Jest Snapshot v1, https://goo.gl/fbAQLP

exports[`<SingleItem/> Errors with a not found Item 1`] = `
<p
  data-test="graphql-error"
>
  <strong>
    Shoot!
  </strong>
  Item not found!
</p>
`;

exports[`<SingleItem/> Renders with Proper Data 1`] = `
<h2>
  Viewing 
  dogs are best
</h2>
`;

exports[`<SingleItem/> Renders with Proper Data 2`] = `
<img
  alt="dogs are best"
  src="dog.jpg"
/>
`;

exports[`<SingleItem/> Renders with Proper Data 3`] = `
<p>
  dogs
</p>
`;
