// Jest Snapshot v1, https://goo.gl/fbAQLP

exports[`<SingleItem/> Renders with Proper Data 1`] = `
Array [
  <styled.div
    data-test="SingleItem"
  >
    <div
      className="sc-bwzfXH dFvSZo"
      data-test="SingleItem"
    >
      <DisplayError />
      <img
        alt="Facilis corporis"
        src="large-dog.jpg"
      />
      <div
        className="details"
      >
        <h2>
          Viewing 
          Facilis corporis
        </h2>
        <p>
          Quidem praesentium magnam. Error molestiae laborum est possimus assumenda aut enim iure. Ut explicabo iure vitae occaecati officia iure nisi.
        </p>
        <Link
          href={
            Object {
              "pathname": "/admin/update",
              "query": Object {
                "id": "5505a740-e67e-4e17-958f-46760116bcd2",
              },
            }
          }
        >
          <a
            href="/admin/update?id=5505a740-e67e-4e17-958f-46760116bcd2"
            onClick={[Function]}
          >
            Edit ✏️
          </a>
        </Link>
      </div>
    </div>
  </styled.div>,
  <div
    className="sc-bwzfXH dFvSZo"
    data-test="SingleItem"
  >
    <DisplayError />
    <img
      alt="Facilis corporis"
      src="large-dog.jpg"
    />
    <div
      className="details"
    >
      <h2>
        Viewing 
        Facilis corporis
      </h2>
      <p>
        Quidem praesentium magnam. Error molestiae laborum est possimus assumenda aut enim iure. Ut explicabo iure vitae occaecati officia iure nisi.
      </p>
      <Link
        href={
          Object {
            "pathname": "/admin/update",
            "query": Object {
              "id": "5505a740-e67e-4e17-958f-46760116bcd2",
            },
          }
        }
      >
        <a
          href="/admin/update?id=5505a740-e67e-4e17-958f-46760116bcd2"
          onClick={[Function]}
        >
          Edit ✏️
        </a>
      </Link>
    </div>
  </div>,
]
`;
